ok
ok
ok
ok
ok 4
contenuto test
contenuto 
no
no
ok
ok
ok
ok /bar
ok /dir/bar
ok /foo/bar
ok
no
ok /foo
no
ok
contenuto 
ok
